Persoana este deja inregistrata.
Persoana este deja inregistrata.
Persoana este deja inregistrata.
Numarul de locuri ramase: 0
Numarul de participanti: 3
[Andrei Alexandru] You have successfully joined the waiting list and received the order number 1. We will notify you if a spot becomes available.
Dimensiunea listei de asteptare: 1
[Andrei Ion] You have successfully joined the waiting list and received the order number 2. We will notify you if a spot becomes available.
1. Nume: Popescu Ion, Email: ipopescu@devmind.com, Telefon: 0777111222
2. Nume: Alex Ion, Email: aion@devmind.com, Telefon: 0788222111
3. Nume: Popescu Alex, Email: apopescu@devmind.com, Telefon: 0799333222
Numarul total de persoane: 5
1. Nume: Andrei Alexandru, Email: aalx@devmind.com, Telefon: 0777333222
2. Nume: Andrei Ion, Email: anion@devmind.com, Telefon: 0777444333
Application is closing...
