[Popescu Ion] Felicitari! Locul tau la eveniment este confirmat. Te asteptam!
Numarul de locuri ramase: 2
[Alex Ion] Felicitari! Locul tau la eveniment este confirmat. Te asteptam!
Numarul de locuri ramase: 1
Numarul de participanti: 2
[Popescu Alex] Felicitari! Locul tau la eveniment este confirmat. Te asteptam!
Numarul de locuri ramase: 0
Numarul de participanti: 3
1. Nume: Popescu Ion, Email: ipopescu@devmind.com, Telefon: 0777111222
2. Nume: Alex Ion, Email: aion@devmind.com, Telefon: 0788222111
3. Nume: Popescu Alex, Email: apopescu@devmind.com, Telefon: 0799333222
Application is closing...
