[Popescu Ion] Felicitari! Locul tau la eveniment este confirmat. Te asteptam!
[Alex Ion] Felicitari! Locul tau la eveniment este confirmat. Te asteptam!
[Popescu Alex] Felicitari! Locul tau la eveniment este confirmat. Te asteptam!
Numarul de locuri ramase: 0
Numarul de participanti: 3
[Andrei Alexandru] Te-ai inscris cu succes in lista de asteptare si ai primit numarul de ordine 1. Te vom notifica daca un loc devine disponibil.
Dimensiunea listei de asteptare: 1
[Andrei Ion] Te-ai inscris cu succes in lista de asteptare si ai primit numarul de ordine 2. Te vom notifica daca un loc devine disponibil.
Nume: Popescu Ion, Email: ipopescu@devmind.com, Telefon: 0777111222
1. Nume: Ionescu Ion, Email: ipopescu@devmind.com, Telefon: 0777111222
2. Nume: Alex Ion, Email: aion@devmind.com, Telefon: 0788222111
3. Nume: Popescu Alex, Email: apopescu@devmind.com, Telefon: 0799333222
Numarul total de persoane: 5
1. Nume: Andrei Alex, Email: aalx@devmind.com, Telefon: 0777333222
2. Nume: Andrei Ion, Email: anion@devmind.com, Telefon: 0777444333
Aplicatia se inchide...
