The person is already registered.
The person is already registered.
The person is already registered.
The number of spots left: 0
Number of participants: 3
The person is already registered.
Number of persons on the waiting list: 2
The person is already registered.
Full Name: Popescu Ion, Email: ipopescu@devmind.com, Phone Number: 0777111222
1. Full Name: Ionescu Ion, Email: ipopescu@devmind.com, Phone Number: 0777111222
2. Full Name: Alex Ion, Email: aion@devmind.com, Phone Number: 0788222111
3. Full Name: Popescu Alex, Email: apopescu@devmind.com, Phone Number: 0799333222
Total number of persons: 5
1. Full Name: Andrei Alex, Email: aalx@devmind.com, Phone Number: 0777333222
2. Full Name: Andrei Ion, Email: anion@devmind.com, Phone Number: 0777444333
Application is closing...
