[Popescu Ion] Congratulations! Your spot at the event is confirmed. We are waiting for you!
[Alex Ion] Congratulations! Your spot at the event is confirmed. We are waiting for you!
1. Full Name: Popescu Ion, Email: ipopescu@devmind.com, Phone Number: 0777111222
2. Full Name: Alex Ion, Email: aion@devmind.com, Phone Number: 0788222111
Application is closing...
