[Popescu Ion] Congratulations! Your spot at the event is confirmed. We are waiting for you!
[Alex Ion] Congratulations! Your spot at the event is confirmed. We are waiting for you!
[Popescu Alex] Congratulations! Your spot at the event is confirmed. We are waiting for you!
The number of spots left: 0
Number of participants: 3
[Andrei Alexandru] You have successfully joined the waiting list and received the order number 1. We will notify you if a spot becomes available.
Number of persons on the waiting list: 1
[Andrei Ion] You have successfully joined the waiting list and received the order number 2. We will notify you if a spot becomes available.
Full Name: Popescu Ion, Email: ipopescu@devmind.com, Phone Number: 0777111222
Full Name: Andrei Ion, Email: anion@devmind.com, Phone Number: 0777444333
1. Full Name: Popescu Ion, Email: ipopescu@devmind.com, Phone Number: 0777111222
2. Full Name: Alex Ion, Email: aion@devmind.com, Phone Number: 0788222111
3. Full Name: Popescu Alex, Email: apopescu@devmind.com, Phone Number: 0799333222
Total number of persons: 5
1. Full Name: Andrei Alexandru, Email: aalx@devmind.com, Phone Number: 0777333222
2. Full Name: Andrei Ion, Email: anion@devmind.com, Phone Number: 0777444333
Application is closing...
